id,title,content,finishedFlg
2,タスク2,レポートを作成する,false