id,title,content,finishedFlg
1,タスク1,バグを調べる,false
2,タスク2,レポートを作成する,false