id,title,content,finishedFlg
1,タスク,○○を調べる,false
2,タスク2,レポートを作成する,false
3,task3,APIで追加したタスク,false