id,title,content,finishedFlg
1,task1,APIで追加したタスク,false